Clock: clk
Sources: clk 
Generated: no
Virtual: yes
Propagated: no
Period: 15.000000

===========================================================================
report_clock_properties
============================================================================
Clock                   Period          Waveform
----------------------------------------------------
clk                  15.000000    0.000000  7.500000

===========================================================================
report_clock_latency
============================================================================
Clock clk
rise -> rise
    min     max
0.000000 0.000000 source latency
1.167947         network latency _5431_/CLK
        1.250896 network latency _6184_/CLK
---------------
1.167947 1.250896 latency
        0.082949 skew

fall -> fall
    min     max
0.000000 0.000000 source latency
1.084198         network latency _5431_/CLK
        1.145699 network latency _6184_/CLK
---------------
1.084198 1.145699 latency
        0.061501 skew



===========================================================================
report_clock_min_period
============================================================================
clk period_min = 13.82 fmax = 72.38
