
===========================================================================
 report_power
============================================================================
======================= max_ss_100C_1v60 Corner ===================================

Group                    Internal    Switching      Leakage        Total
                            Power        Power        Power        Power (Watts)
------------------------------------------------------------------------
Sequential           2.497959e-03 5.871529e-05 1.583736e-05 2.572512e-03  41.2%
Combinational        5.478599e-04 9.992527e-04 2.404914e-05 1.571162e-03  25.2%
Clock                1.102209e-03 9.893478e-04 2.518491e-06 2.094075e-03  33.6%
Macro                0.000000e+00 0.000000e+00 0.000000e+00 0.000000e+00   0.0%
Pad                  0.000000e+00 0.000000e+00 0.000000e+00 0.000000e+00   0.0%
------------------------------------------------------------------------
Total                4.148010e-03 2.047318e-03 4.240615e-05 6.237735e-03 100.0%
                            66.5%        32.8%         0.7%

